=== Phase A: Backfill ===
[19:17:39] Backfill phase: 51 seed tokens, history_days=270
[19:17:39]   [JUP] Backfill attempt 1...
[19:17:39]   [JUP] Loaded 180 days from cache
[19:17:39]   [JUP] cache — 180 bars, regimes=2 {'high_vol': 1, 'sideways': 4}
[19:17:39]   [RAY] Backfill attempt 1...
[19:17:39]   [RAY] Bootstrap from label=resilient
[19:17:39]   [RAY] bootstrap — 270 bars, regimes=2 {'high_vol': 1, 'sideways': 5}
[19:17:39]   [ORCA] Backfill attempt 1...
[19:17:39]   [ORCA] Bootstrap from label=resilient
[19:17:39]   [ORCA] bootstrap — 270 bars, regimes=1 {'sideways': 6}
[19:17:39]   [PYTH] Backfill attempt 1...
[19:17:39]   [PYTH] Bootstrap from label=resilient
[19:17:40]   [PYTH] bootstrap — 270 bars, regimes=1 {'sideways': 6}
[19:17:40]   [JTO] Backfill attempt 1...
[19:17:40]   [JTO] Bootstrap from label=resilient
[19:17:40]   [JTO] bootstrap — 270 bars, regimes=2 {'high_vol': 2, 'sideways': 4}
[19:17:40]   [MSOL] Backfill attempt 1...
[19:17:40]   [MSOL] Bootstrap from label=resilient
[19:17:40]   [MSOL] bootstrap — 270 bars, regimes=2 {'high_vol': 1, 'sideways': 5}
[19:17:40]   [JITOSOL] Backfill attempt 1...
[19:17:40]   [JITOSOL] Bootstrap from label=resilient
[19:17:40]   [JITOSOL] bootstrap — 270 bars, regimes=2 {'high_vol': 1, 'sideways': 5}
[19:17:40]   [BSOL] Backfill attempt 1...
[19:17:40]   [BSOL] Bootstrap from label=resilient
[19:17:40]   [BSOL] bootstrap — 270 bars, regimes=1 {'sideways': 6}
[19:17:40]   [MNDE] Backfill attempt 1...
[19:17:40]   [MNDE] Bootstrap from label=resilient
[19:17:40]   [MNDE] bootstrap — 270 bars, regimes=1 {'sideways': 6}
[19:17:40]   [DRIFT] Backfill attempt 1...
[19:17:40]   [DRIFT] Bootstrap from label=resilient
[19:17:40]   [DRIFT] bootstrap — 270 bars, regimes=2 {'high_vol': 2, 'sideways': 4}
[19:17:40]   [KMNO] Backfill attempt 1...
[19:17:40]   [KMNO] Bootstrap from label=resilient
[19:17:40]   [KMNO] bootstrap — 270 bars, regimes=2 {'high_vol': 1, 'sideways': 5}
[19:17:40]   [RENDER] Backfill attempt 1...
[19:17:40]   [RENDER] Bootstrap from label=resilient
[19:17:41]   [RENDER] bootstrap — 270 bars, regimes=2 {'high_vol': 1, 'sideways': 5}
[19:17:41]   [HNT] Backfill attempt 1...
[19:17:41]   [HNT] Bootstrap from label=resilient
[19:17:41]   [HNT] bootstrap — 270 bars, regimes=2 {'high_vol': 1, 'sideways': 5}
[19:17:41]   [W] Backfill attempt 1...
[19:17:41]   [W] Bootstrap from label=resilient
[19:17:41]   [W] bootstrap — 270 bars, regimes=1 {'sideways': 6}
[19:17:41]   [TNSR] Backfill attempt 1...
[19:17:41]   [TNSR] Bootstrap from label=resilient
[19:17:41]   [TNSR] bootstrap — 270 bars, regimes=2 {'high_vol': 2, 'sideways': 4}
[19:17:41]   [WEN] Backfill attempt 1...
[19:17:41]   [WEN] Bootstrap from label=resilient
[19:17:41]   [WEN] bootstrap — 270 bars, regimes=1 {'sideways': 6}
[19:17:41]   [USDC] Backfill attempt 1...
[19:17:41]   [USDC] Bootstrap from label=resilient
[19:17:41]   [USDC] bootstrap — 270 bars, regimes=2 {'high_vol': 2, 'sideways': 4}
[19:17:41]   [USDT] Backfill attempt 1...
[19:17:41]   [USDT] Bootstrap from label=resilient
[19:17:41]   [USDT] bootstrap — 270 bars, regimes=1 {'sideways': 6}
[19:17:41]   [BONK] Backfill attempt 1...
[19:17:41]   [BONK] Loaded 180 days from cache
[19:17:41]   [BONK] cache — 180 bars, regimes=1 {'sideways': 5}
[19:17:41]   [WIF] Backfill attempt 1...
[19:17:41]   [WIF] Bootstrap from label=fragile
[19:17:41]   [WIF] bootstrap — 270 bars, regimes=1 {'sideways': 6}
[19:17:41]   [POPCAT] Backfill attempt 1...
[19:17:41]   [POPCAT] Bootstrap from label=fragile
[19:17:42]   [POPCAT] bootstrap — 270 bars, regimes=1 {'sideways': 6}
[19:17:42]   [MEW] Backfill attempt 1...
[19:17:42]   [MEW] Bootstrap from label=fragile
[19:17:42]   [MEW] bootstrap — 270 bars, regimes=1 {'sideways': 6}
[19:17:42]   [BOME] Backfill attempt 1...
[19:17:42]   [BOME] Bootstrap from label=fragile
[19:17:42]   [BOME] bootstrap — 270 bars, regimes=1 {'sideways': 6}
[19:17:42]   [SLERF] Backfill attempt 1...
[19:17:42]   [SLERF] Bootstrap from label=fragile
[19:17:42]   [SLERF] bootstrap — 270 bars, regimes=1 {'sideways': 6}
[19:17:42]   [MYRO] Backfill attempt 1...
[19:17:42]   [MYRO] Bootstrap from label=fragile
[19:17:42]   [MYRO] bootstrap — 270 bars, regimes=2 {'high_vol': 3, 'sideways': 3}
[19:17:42]   [SAMO] Backfill attempt 1...
[19:17:42]   [SAMO] Bootstrap from label=fragile
[19:17:42]   [SAMO] bootstrap — 270 bars, regimes=1 {'sideways': 6}
[19:17:42]   [COPE] Backfill attempt 1...
[19:17:42]   [COPE] Bootstrap from label=fragile
[19:17:42]   [COPE] bootstrap — 270 bars, regimes=1 {'sideways': 6}
[19:17:42]   [FIDA] Backfill attempt 1...
[19:17:42]   [FIDA] Bootstrap from label=resilient
[19:17:42]   [FIDA] bootstrap — 270 bars, regimes=1 {'sideways': 6}
[19:17:42]   [STEP] Backfill attempt 1...
[19:17:42]   [STEP] Bootstrap from label=fragile
[19:17:43]   [STEP] bootstrap — 270 bars, regimes=2 {'high_vol': 1, 'sideways': 5}
[19:17:43]   [SRM] Backfill attempt 1...
[19:17:43]   [SRM] Bootstrap from label=fragile
[19:17:43]   [SRM] bootstrap — 270 bars, regimes=2 {'high_vol': 1, 'sideways': 5}
[19:17:43]   [MNGO] Backfill attempt 1...
[19:17:43]   [MNGO] Bootstrap from label=fragile
[19:17:43]   [MNGO] bootstrap — 270 bars, regimes=2 {'high_vol': 1, 'sideways': 5}
[19:17:43]   [ATLAS] Backfill attempt 1...
[19:17:43]   [ATLAS] Bootstrap from label=fragile
[19:17:43]   [ATLAS] bootstrap — 270 bars, regimes=2 {'high_vol': 1, 'sideways': 5}
[19:17:43]   [GRAPE] Backfill attempt 1...
[19:17:43]   [GRAPE] Bootstrap from label=fragile
[19:17:43]   [GRAPE] bootstrap — 270 bars, regimes=1 {'sideways': 6}
[19:17:43]   [SHDW] Backfill attempt 1...
[19:17:43]   [SHDW] Bootstrap from label=resilient
[19:17:43]   [SHDW] bootstrap — 270 bars, regimes=1 {'sideways': 6}
[19:17:43]   [MOBILE] Backfill attempt 1...
[19:17:43]   [MOBILE] Bootstrap from label=fragile
[19:17:43]   [MOBILE] bootstrap — 270 bars, regimes=2 {'high_vol': 1, 'sideways': 5}
[19:17:43]   [IOT] Backfill attempt 1...
[19:17:43]   [IOT] Bootstrap from label=fragile
[19:17:43]   [IOT] bootstrap — 270 bars, regimes=1 {'sideways': 6}
[19:17:43]   [NOS] Backfill attempt 1...
[19:17:43]   [NOS] Bootstrap from label=resilient
[19:17:44]   [NOS] bootstrap — 270 bars, regimes=1 {'sideways': 6}
[19:17:44]   [DUST] Backfill attempt 1...
[19:17:44]   [DUST] Bootstrap from label=fragile
[19:17:44]   [DUST] bootstrap — 270 bars, regimes=1 {'sideways': 6}
[19:17:44]   [GENE] Backfill attempt 1...
[19:17:44]   [GENE] Bootstrap from label=fragile
[19:17:44]   [GENE] bootstrap — 270 bars, regimes=1 {'sideways': 6}
[19:17:44]   [LIKE] Backfill attempt 1...
[19:17:44]   [LIKE] Bootstrap from label=fragile
[19:17:44]   [LIKE] bootstrap — 270 bars, regimes=1 {'sideways': 6}
[19:17:44]   [MEDIA] Backfill attempt 1...
[19:17:44]   [MEDIA] Bootstrap from label=fragile
[19:17:44]   [MEDIA] bootstrap — 270 bars, regimes=2 {'high_vol': 2, 'sideways': 4}
[19:17:44]   [GST] Backfill attempt 1...
[19:17:44]   [GST] Bootstrap from label=fragile
[19:17:44]   [GST] bootstrap — 270 bars, regimes=1 {'sideways': 6}
[19:17:44]   [GMT] Backfill attempt 1...
[19:17:44]   [GMT] Bootstrap from label=fragile
[19:17:44]   [GMT] bootstrap — 270 bars, regimes=1 {'sideways': 6}
[19:17:44]   [UXD] Backfill attempt 1...
[19:17:44]   [UXD] Bootstrap from label=resilient
[19:17:45]   [UXD] bootstrap — 270 bars, regimes=1 {'sideways': 6}
[19:17:45]   [USDH] Backfill attempt 1...
[19:17:45]   [USDH] Bootstrap from label=resilient
[19:17:45]   [USDH] bootstrap — 270 bars, regimes=2 {'high_vol': 1, 'sideways': 5}
[19:17:45]   [BLZE] Backfill attempt 1...
[19:17:45]   [BLZE] Bootstrap from label=fragile
[19:17:45]   [BLZE] bootstrap — 270 bars, regimes=2 {'high_vol': 1, 'sideways': 5}
[19:17:45]   [HONEY] Backfill attempt 1...
[19:17:45]   [HONEY] Bootstrap from label=fragile
[19:17:45]   [HONEY] bootstrap — 270 bars, regimes=1 {'sideways': 6}
[19:17:45]   [PENG] Backfill attempt 1...
[19:17:45]   [PENG] Bootstrap from label=fragile
[19:17:45]   [PENG] bootstrap — 270 bars, regimes=1 {'sideways': 6}
[19:17:45]   [MICHI] Backfill attempt 1...
[19:17:45]   [MICHI] Bootstrap from label=fragile
[19:17:45]   [MICHI] bootstrap — 270 bars, regimes=2 {'high_vol': 1, 'sideways': 5}
[19:17:45]   [RETARDIO] Backfill attempt 1...
[19:17:45]   [RETARDIO] Bootstrap from label=fragile
[19:17:45]   [RETARDIO] bootstrap — 270 bars, regimes=1 {'sideways': 6}
[19:17:45]   [MOTHER] Backfill attempt 1...
[19:17:45]   [MOTHER] Bootstrap from label=fragile
[19:17:45]   [MOTHER] bootstrap — 270 bars, regimes=2 {'high_vol': 2, 'sideways': 4}
[19:17:45] Backfill complete: 51 ok, 0 failed, 51 total
Backfill sources: {'JUP': 'cache', 'RAY': 'bootstrap', 'ORCA': 'bootstrap', 'PYTH': 'bootstrap', 'JTO': 'bootstrap', 'MSOL': 'bootstrap', 'JITOSOL': 'bootstrap', 'BSOL': 'bootstrap', 'MNDE': 'bootstrap', 'DRIFT': 'bootstrap', 'KMNO': 'bootstrap', 'RENDER': 'bootstrap', 'HNT': 'bootstrap', 'W': 'bootstrap', 'TNSR': 'bootstrap', 'WEN': 'bootstrap', 'USDC': 'bootstrap', 'USDT': 'bootstrap', 'BONK': 'cache', 'WIF': 'bootstrap', 'POPCAT': 'bootstrap', 'MEW': 'bootstrap', 'BOME': 'bootstrap', 'SLERF': 'bootstrap', 'MYRO': 'bootstrap', 'SAMO': 'bootstrap', 'COPE': 'bootstrap', 'FIDA': 'bootstrap', 'STEP': 'bootstrap', 'SRM': 'bootstrap', 'MNGO': 'bootstrap', 'ATLAS': 'bootstrap', 'GRAPE': 'bootstrap', 'SHDW': 'bootstrap', 'MOBILE': 'bootstrap', 'IOT': 'bootstrap', 'NOS': 'bootstrap', 'DUST': 'bootstrap', 'GENE': 'bootstrap', 'LIKE': 'bootstrap', 'MEDIA': 'bootstrap', 'GST': 'bootstrap', 'GMT': 'bootstrap', 'UXD': 'bootstrap', 'USDH': 'bootstrap', 'BLZE': 'bootstrap', 'HONEY': 'bootstrap', 'PENG': 'bootstrap', 'MICHI': 'bootstrap', 'RETARDIO': 'bootstrap', 'MOTHER': 'bootstrap'}
=== Phase B: Classify ===
[19:17:45] Classify phase: 51 tokens → data/exports/v1_2026-06-07
[19:17:45]   [JUP] Running pipeline...
[19:17:45] ======================================================================
[19:17:45] NIGHT SHIFT TOKENOMICS — Research Pipeline
[19:17:45] Dataset: seed manifest (limit=all)
[19:17:45] Model: tokenomics_mvp
[19:17:45] Mode: live (real simulator)
[19:17:45] ======================================================================
[19:17:45] 
── Stage 1: Data ──
[19:17:46]   [JUP] Loaded 180 days from cache
[19:17:46]   [RAY] Loaded 270 days from cache
[19:17:46]   [ORCA] Loaded 270 days from cache
[19:17:46]   [PYTH] Loaded 270 days from cache
[19:17:46]   [JTO] Loaded 270 days from cache
[19:17:46]   [MSOL] Loaded 270 days from cache
[19:17:46]   [JITOSOL] Loaded 270 days from cache
[19:17:46]   [BSOL] Loaded 270 days from cache
[19:17:46]   [MNDE] Loaded 270 days from cache
[19:17:46]   [DRIFT] Loaded 270 days from cache
[19:17:46]   [KMNO] Loaded 270 days from cache
[19:17:46]   [RENDER] Loaded 270 days from cache
[19:17:46]   [HNT] Loaded 270 days from cache
[19:17:46]   [W] Loaded 270 days from cache
[19:17:46]   [TNSR] Loaded 270 days from cache
[19:17:46]   [WEN] Loaded 270 days from cache
[19:17:46]   [USDC] Loaded 270 days from cache
[19:17:46]   [USDT] Loaded 270 days from cache
[19:17:46]   [BONK] Loaded 180 days from cache
[19:17:46]   [WIF] Loaded 270 days from cache
[19:17:46]   [POPCAT] Loaded 270 days from cache
[19:17:46]   [MEW] Loaded 270 days from cache
[19:17:46]   [BOME] Loaded 270 days from cache
[19:17:46]   [SLERF] Loaded 270 days from cache
[19:17:46]   [MYRO] Loaded 270 days from cache
[19:17:46]   [SAMO] Loaded 270 days from cache
[19:17:46]   [COPE] Loaded 270 days from cache
[19:17:46]   [FIDA] Loaded 270 days from cache
[19:17:47]   [STEP] Loaded 270 days from cache
[19:17:47]   [SRM] Loaded 270 days from cache
[19:17:47]   [MNGO] Loaded 270 days from cache
[19:17:47]   [ATLAS] Loaded 270 days from cache
[19:17:47]   [GRAPE] Loaded 270 days from cache
[19:17:47]   [SHDW] Loaded 270 days from cache
[19:17:47]   [MOBILE] Loaded 270 days from cache
[19:17:47]   [IOT] Loaded 270 days from cache
[19:17:47]   [NOS] Loaded 270 days from cache
[19:17:47]   [DUST] Loaded 270 days from cache
[19:17:47]   [GENE] Loaded 270 days from cache
[19:17:47]   [LIKE] Loaded 270 days from cache
[19:17:47]   [MEDIA] Loaded 270 days from cache
[19:17:47]   [GST] Loaded 270 days from cache
[19:17:47]   [GMT] Loaded 270 days from cache
[19:17:47]   [UXD] Loaded 270 days from cache
[19:17:47]   [USDH] Loaded 270 days from cache
[19:17:47]   [BLZE] Loaded 270 days from cache
[19:17:47]   [HONEY] Loaded 270 days from cache
[19:17:47]   [PENG] Loaded 270 days from cache
[19:17:47]   [MICHI] Loaded 270 days from cache
[19:17:47]   [RETARDIO] Loaded 270 days from cache
[19:17:47]   [MOTHER] Loaded 270 days from cache
[19:17:47]   Loaded 51 tokens — sources: {'JUP': 'cache', 'RAY': 'cache', 'ORCA': 'cache', 'PYTH': 'cache', 'JTO': 'cache', 'MSOL': 'cache', 'JITOSOL': 'cache', 'BSOL': 'cache', 'MNDE': 'cache', 'DRIFT': 'cache', 'KMNO': 'cache', 'RENDER': 'cache', 'HNT': 'cache', 'W': 'cache', 'TNSR': 'cache', 'WEN': 'cache', 'USDC': 'cache', 'USDT': 'cache', 'BONK': 'cache', 'WIF': 'cache', 'POPCAT': 'cache', 'MEW': 'cache', 'BOME': 'cache', 'SLERF': 'cache', 'MYRO': 'cache', 'SAMO': 'cache', 'COPE': 'cache', 'FIDA': 'cache', 'STEP': 'cache', 'SRM': 'cache', 'MNGO': 'cache', 'ATLAS': 'cache', 'GRAPE': 'cache', 'SHDW': 'cache', 'MOBILE': 'cache', 'IOT': 'cache', 'NOS': 'cache', 'DUST': 'cache', 'GENE': 'cache', 'LIKE': 'cache', 'MEDIA': 'cache', 'GST': 'cache', 'GMT': 'cache', 'UXD': 'cache', 'USDH': 'cache', 'BLZE': 'cache', 'HONEY': 'cache', 'PENG': 'cache', 'MICHI': 'cache', 'RETARDIO': 'cache', 'MOTHER': 'cache'}
[19:17:47] 
── Stage 2: Walk-Forward Folds ──
[19:17:47] Created 5 folds from 180 daily bars
[19:17:47]   Fold 0: train=[0:30] test=[30:60]
[19:17:47]   Fold 1: train=[0:60] test=[60:90]
[19:17:47]   Fold 2: train=[0:90] test=[90:120]
[19:17:47]   Fold 3: train=[0:120] test=[120:150]
[19:17:47]   Fold 4: train=[0:150] test=[150:180]
[19:17:47] 
── Stage 2b: Default Design Baseline ──
[19:17:50]   JUP (resilient): OOS score=+100.000 consistency=100% survivor=19.440
[19:17:53]   RAY (resilient): OOS score=+100.000 consistency=100% survivor=19.513
[19:17:55]   ORCA (resilient): OOS score=+100.000 consistency=100% survivor=19.795
[19:17:57]   PYTH (resilient): OOS score=+100.000 consistency=100% survivor=19.716
[19:18:00]   JTO (resilient): OOS score=+100.000 consistency=100% survivor=26.789
[19:18:02]   MSOL (resilient): OOS score=+100.000 consistency=100% survivor=21.841
[19:18:05]   JITOSOL (resilient): OOS score=+100.000 consistency=100% survivor=21.119
[19:18:07]   BSOL (resilient): OOS score=+100.000 consistency=100% survivor=19.840
[19:18:10]   MNDE (resilient): OOS score=+100.000 consistency=100% survivor=19.233
[19:18:12]   DRIFT (resilient): OOS score=+100.000 consistency=100% survivor=19.517
[19:18:15]   KMNO (resilient): OOS score=+100.000 consistency=100% survivor=20.561
[19:18:17]   RENDER (resilient): OOS score=+100.000 consistency=100% survivor=29.020
[19:18:20]   HNT (resilient): OOS score=+100.000 consistency=100% survivor=29.440
[19:18:22]   W (resilient): OOS score=+100.000 consistency=100% survivor=28.271
[19:18:25]   TNSR (resilient): OOS score=+100.000 consistency=100% survivor=20.569
[19:18:27]   WEN (resilient): OOS score=+100.000 consistency=100% survivor=50.607
[19:18:30]   USDC (resilient): OOS score=+100.000 consistency=100% survivor=24.026
[19:18:32]   USDT (resilient): OOS score=+100.000 consistency=100% survivor=19.462
